[dotenv@17.3.1] injecting env (5) from .env -- tip: ≡ƒöÉ prevent committing .env to code: https://dotenvx.com/precommit
Testing Gemini API with key: AIzaSyCUf5...
node : GEMINI TEST FAILED:
At line:1 char:1
+ node test_gemini.js 2>&1 
| Out-File -FilePath 
test_output.txt; Get-Co ...
+ ~~~~~~~~~~~~~~~~~~~~~~~~
    + CategoryInfo          
    : NotSpecified: (GEMIN  
  I TEST FAILED::String)    
 [], RemoteException
    + FullyQualifiedErrorId 
    : NativeCommandError
 
[GoogleGenerativeAI Error]: 
Error fetching from https://
generativelanguage.googleapi
s.com/v1beta/models/gemini-1
.5-flash:generateContent: 
[404 Not Found] 
models/gemini-1.5-flash is 
not found for API version 
v1beta, or is not supported 
for generateContent. Call 
ListModels to see the list 
of available models and 
their supported methods.
